>> Writing logs to D:\Downloads\odysseus-dev\Performa-\ml\python_install_20260920015714_25048.log
>> Python installation manager 26.3
Copyright (c) Python Software Foundation. All Rights Reserved.

>  Python install manager was successfully updated to 26.3.

Additional shebang configuration is now available. Please see
https://docs.python.org/using/windows#shebang-lines for more information.

BEGIN install_command.execute: []
>  ********************************************************************************
Reading installs from D:\Downloads\odysseus-dev\Performa-\ml\Python
Found 0 installs
Calculating default install
Filtering installs by tag = 3
tag '3' matched 0 installs
default_platform '-64' matched 0 installs
Reusing unfiltered list
Searching https://www.python.org/ftp/python/index-windows.json
>> Searching for Python matching 3
Selecting package with tag=3 and platform=-64
Fetching: https://www.python.org/ftp/python/index-windows.json
winhttp_urlopen: https://www.python.org/ftp/python/index-windows.json
winhttp_urlopen: https://www.python.org/ftp/python/index-windows.json.cat
>  The signature for https://www.python.org/ftp/python/index-windows.json was successfully verified.
Finding ['3-64'] to install
>> Searching for Python matching 3
Selecting package with tag=3 and platform=-64
Fetching: https://www.python.org/ftp/python/index-windows.json
Fetched from cache
Finding ['3-64'] to install
>  Installing Python 3.14.7.
>> Tag: PythonCore\3.14-64
Starting download package https://www.python.org/ftp/python/3.14.7/python-3.14.7-amd64.zip to D:\Downloads\odysseus-dev\Performa-\ml\Python\_cache\pythoncore-3.14-64-3.14.7.zip
_bits_urlretrieve: https://www.python.org/ftp/python/3.14.7/python-3.14.7-amd64.zip
Starting new BITS job: https://www.python.org/ftp/python/3.14.7/python-3.14.7-amd64.zip -> D:\Downloads\odysseus-dev\Performa-\ml\Python\_cache\pythoncore-3.14-64-3.14.7.zip
Writing D:\Downloads\odysseus-dev\Performa-\ml\Python\_cache\pythoncore-3.14-64-3.14.7.job
Downloading https://www.python.org/ftp/python/3.14.7/python-3.14.7-amd64.zip
>> Failed to download using BITS. Retrying with fallback method.
ERROR:
Traceback (most recent call last):
  File "manage\urlutils.py", line 465, in urlretrieve
  File "manage\urlutils.py", line 138, in _bits_urlretrieve
OSError: [WinError -2145386386] Download error: The background access settings of the job's owner app prevent the job from transferring at this time.

winhttp_urlopen: https://www.python.org/ftp/python/3.14.7/python-3.14.7-amd64.zip
Downloaded to D:\Downloads\odysseus-dev\Performa-\ml\Python\_cache\pythoncore-3.14-64-3.14.7.zip
Starting hash validation of D:\Downloads\odysseus-dev\Performa-\ml\Python\_cache\pythoncore-3.14-64-3.14.7.zip
Calculating hashes: sha256
sha256 digest: ac1a727a71738e11de80b76e975f9b8a258aea6412bfc31696b929d59c6aafd0 (matched)
>> Extracting D:\Downloads\odysseus-dev\Performa-\ml\Python\_cache\pythoncore-3.14-64-3.14.7.zip to D:\Downloads\odysseus-dev\Performa-\ml\Python\pythoncore-3.14-64
Starting extract of D:\Downloads\odysseus-dev\Performa-\ml\Python\_cache\pythoncore-3.14-64-3.14.7.zip to D:\Downloads\odysseus-dev\Performa-\ml\Python\pythoncore-3.14-64
Updating from __install__.json in D:\Downloads\odysseus-dev\Performa-\ml\Python\pythoncore-3.14-64
Write __install__.json to D:\Downloads\odysseus-dev\Performa-\ml\Python\pythoncore-3.14-64
>> Install complete
>  Installing Python 3.14.7.
>> Tag: PythonCore\3.14-64
Starting download package https://www.python.org/ftp/python/3.14.7/python-3.14.7-amd64.zip to D:\Downloads\odysseus-dev\Performa-\ml\Python\_cache\pythoncore-3.14-64-3.14.7.zip
>> Download was found in the cache. (Pass --force to ignore cached downloads.)
Starting hash validation of D:\Downloads\odysseus-dev\Performa-\ml\Python\_cache\pythoncore-3.14-64-3.14.7.zip
Calculating hashes: sha256
sha256 digest: ac1a727a71738e11de80b76e975f9b8a258aea6412bfc31696b929d59c6aafd0 (matched)
Download skipped because D:\Downloads\odysseus-dev\Performa-\ml\Python\_cache\pythoncore-3.14-64-3.14.7.zip already exists
Starting hash validation of D:\Downloads\odysseus-dev\Performa-\ml\Python\_cache\pythoncore-3.14-64-3.14.7.zip
Calculating hashes: sha256
sha256 digest: ac1a727a71738e11de80b76e975f9b8a258aea6412bfc31696b929d59c6aafd0 (matched)
>  Preserving Lib\site-packages during update.
>> Moving D:\Downloads\odysseus-dev\Performa-\ml\Python\pythoncore-3.14-64\Lib\site-packages to D:\Downloads\odysseus-dev\Performa-\ml\Python\_pythoncore-3.14-64\0
>> Extracting D:\Downloads\odysseus-dev\Performa-\ml\Python\_cache\pythoncore-3.14-64-3.14.7.zip to D:\Downloads\odysseus-dev\Performa-\ml\Python\pythoncore-3.14-64
Atomically removing these files first: python.exe, python3.dll, python314.dll, pythonw.exe, vcruntime140.dll, vcruntime140_1.dll, __install__.json
Files successfully removed
Starting extract of D:\Downloads\odysseus-dev\Performa-\ml\Python\_cache\pythoncore-3.14-64-3.14.7.zip to D:\Downloads\odysseus-dev\Performa-\ml\Python\pythoncore-3.14-64
Updating from __install__.json in D:\Downloads\odysseus-dev\Performa-\ml\Python\pythoncore-3.14-64
Write __install__.json to D:\Downloads\odysseus-dev\Performa-\ml\Python\pythoncore-3.14-64
>> Restoring D:\Downloads\odysseus-dev\Performa-\ml\Python\pythoncore-3.14-64\Lib\site-packages from D:\Downloads\odysseus-dev\Performa-\ml\Python\_pythoncore-3.14-64\0 after update.
>> Not restoring D:\Downloads\odysseus-dev\Performa-\ml\Python\_pythoncore-3.14-64\0\pip because D:\Downloads\odysseus-dev\Performa-\ml\Python\pythoncore-3.14-64\Lib\site-packages\pip exists
>> Not restoring D:\Downloads\odysseus-dev\Performa-\ml\Python\_pythoncore-3.14-64\0\pip-26.2.1.dist-info because D:\Downloads\odysseus-dev\Performa-\ml\Python\pythoncore-3.14-64\Lib\site-packages\pip-26.2.1.dist-info exists
>> Not restoring D:\Downloads\odysseus-dev\Performa-\ml\Python\_pythoncore-3.14-64\0\README.txt because D:\Downloads\odysseus-dev\Performa-\ml\Python\pythoncore-3.14-64\Lib\site-packages\README.txt exists
>  Restored site-packages
>> Removing preserved directory at D:\Downloads\odysseus-dev\Performa-\ml\Python\_pythoncore-3.14-64
>> Install complete
Updating global shortcuts
Reading installs from D:\Downloads\odysseus-dev\Performa-\ml\Python
Found 1 install
Calculating default install
Filtering installs by tag = 3
tag '3' matched 1 install
- 1 core install(s) by prefix
default_platform '-64' matched 1 install
Default install will be pythoncore-3.14-64
Calculating aliases for pythoncore-3.14-64
Found 1 entry_points.txt files in 1 dist-info in pythoncore-3.14-64\Lib\site-packages
Creating aliases
Create python3.14.exe for pythoncore-3.14-64\python.exe using C:\Program Files\WindowsApps\PythonSoftwareFoundation.PythonManager_26.3.240.0_x64__3847v3x7pw1km\templates\launcher-64.exe, chosen by platform tag
Searching D:\Downloads\odysseus-dev\Performa-\ml\Python\bin for suitable launcher to link
No existing launcher available
Created python3.14.exe as copy of launcher-64.exe
Create python3.14-64.exe for pythoncore-3.14-64\python.exe using C:\Program Files\WindowsApps\PythonSoftwareFoundation.PythonManager_26.3.240.0_x64__3847v3x7pw1km\templates\launcher-64.exe, chosen by platform tag
Created python3.14-64.exe as hard link to python3.14.exe
Create python3.exe for pythoncore-3.14-64\python.exe using C:\Program Files\WindowsApps\PythonSoftwareFoundation.PythonManager_26.3.240.0_x64__3847v3x7pw1km\templates\launcher-64.exe, chosen by platform tag
Created python3.exe as hard link to python3.14.exe
Create python3-64.exe for pythoncore-3.14-64\python.exe using C:\Program Files\WindowsApps\PythonSoftwareFoundation.PythonManager_26.3.240.0_x64__3847v3x7pw1km\templates\launcher-64.exe, chosen by platform tag
Created python3-64.exe as hard link to python3.14.exe
Create pythonw3.14.exe for pythoncore-3.14-64\pythonw.exe using C:\Program Files\WindowsApps\PythonSoftwareFoundation.PythonManager_26.3.240.0_x64__3847v3x7pw1km\templates\launcherw-64.exe, chosen by platform tag
Searching D:\Downloads\odysseus-dev\Performa-\ml\Python\bin for suitable launcher to link
No existing launcher available
Created pythonw3.14.exe as copy of launcherw-64.exe
Create pythonw3.14-64.exe for pythoncore-3.14-64\pythonw.exe using C:\Program Files\WindowsApps\PythonSoftwareFoundation.PythonManager_26.3.240.0_x64__3847v3x7pw1km\templates\launcherw-64.exe, chosen by platform tag
Created pythonw3.14-64.exe as hard link to pythonw3.14.exe
Create pythonw3.exe for pythoncore-3.14-64\pythonw.exe using C:\Program Files\WindowsApps\PythonSoftwareFoundation.PythonManager_26.3.240.0_x64__3847v3x7pw1km\templates\launcherw-64.exe, chosen by platform tag
Created pythonw3.exe as hard link to pythonw3.14.exe
Create pythonw3-64.exe for pythoncore-3.14-64\pythonw.exe using C:\Program Files\WindowsApps\PythonSoftwareFoundation.PythonManager_26.3.240.0_x64__3847v3x7pw1km\templates\launcherw-64.exe, chosen by platform tag
Created pythonw3-64.exe as hard link to pythonw3.14.exe
Create python for pythoncore-3.14-64\python.exe using C:\Program Files\WindowsApps\PythonSoftwareFoundation.PythonManager_26.3.240.0_x64__3847v3x7pw1km\templates\launcher-64.exe, chosen by platform tag
Created python.exe as hard link to python3.14.exe
Create pythonw for pythoncore-3.14-64\pythonw.exe using C:\Program Files\WindowsApps\PythonSoftwareFoundation.PythonManager_26.3.240.0_x64__3847v3x7pw1km\templates\launcherw-64.exe, chosen by platform tag
Created pythonw.exe as hard link to pythonw3.14.exe
Create pip for pythoncore-3.14-64\python.exe using C:\Program Files\WindowsApps\PythonSoftwareFoundation.PythonManager_26.3.240.0_x64__3847v3x7pw1km\templates\launcher-64.exe, chosen by platform tag
Created pip.exe as hard link to python3.14.exe
Create pip3 for pythoncore-3.14-64\python.exe using C:\Program Files\WindowsApps\PythonSoftwareFoundation.PythonManager_26.3.240.0_x64__3847v3x7pw1km\templates\launcher-64.exe, chosen by platform tag
Created pip3.exe as hard link to python3.14.exe
Cleaning up aliases
Retaining 12 aliases
Creating/updating HKEY_CURRENT_USER\Software\Python\PythonCore\3.14
Creating shortcut Python 3.14.lnk to D:\Downloads\odysseus-dev\Performa-\ml\Python\pythoncore-3.14-64\python.exe
Creating shortcut Python 3.14 Online Documentation.lnk to https://docs.python.org/3.14/
Creating shortcut IDLE (Python 3.14).lnk to D:\Downloads\odysseus-dev\Performa-\ml\Python\pythoncore-3.14-64\pythonw.exe
Creating shortcut PyDoc (Python 3.14).lnk to D:\Downloads\odysseus-dev\Performa-\ml\Python\pythoncore-3.14-64\python.exe
Creating shortcut Python 3.14 Manuals.lnk to D:\Downloads\odysseus-dev\Performa-\ml\Python\pythoncore-3.14-64\Doc\html\index.html
Creating ARP entry for pymanager-pythoncore-3.14-64
Searching ~\AppData\Local\Microsoft\WindowsApps for pymanager.exe for ARP entries
Cleaning up registry entries
Skipping HKEY_CURRENT_USER\Software\Python\PythonCore\3.14
Skipping HKEY_CURRENT_USER\Software\Python\PythonCore\3.15
Cleaning up Start menu shortcuts
Except: Python 3.14
Except: Python 3.14\Python 3.14
Except: Python 3.14\Python 3.14 Manuals
Except: Python 3.14\PyDoc (Python 3.14)
Except: Python 3.14\IDLE (Python 3.14)
Except: Python 3.14\Python 3.14 Online Documentation
>  To see all available commands, run 'py help'
>  ********************************************************************************
END install_command.execute
